C:\Program Files\dotnet\sdk\9.0.306\Microsoft.Common.CurrentVersion.targets(5394,5): error MSB3027: Impossible de copier "C:\Users\Mr Tarouzi\OneDrive\Bureau\4G12 2025 2026 cours\dot net\App de gestion de budget version 3\App de gestion de buget version2\obj\Debug\net8.0\apphost.exe" vers "bin\Debug\net8.0\App de gestion de buget version2.exe". D├®passement du nombre maximal de nouvelles tentatives de 10. ├ëchec. Le fichier est verrouill├® par┬á: "App de gestion de buget version2 (27828)" [C:\Users\Mr Tarouzi\OneDrive\Bureau\4G12 2025 2026 cours\dot net\App de gestion de budget version 3\App de gestion de buget version2\App de gestion de buget version2.csproj]
C:\Program Files\dotnet\sdk\9.0.306\Microsoft.Common.CurrentVersion.targets(5394,5): error MSB3021: Impossible de copier le fichier "C:\Users\Mr Tarouzi\OneDrive\Bureau\4G12 2025 2026 cours\dot net\App de gestion de budget version 3\App de gestion de buget version2\obj\Debug\net8.0\apphost.exe" vers "bin\Debug\net8.0\App de gestion de buget version2.exe". The process cannot access the file 'C:\Users\Mr Tarouzi\OneDrive\Bureau\4G12 2025 2026 cours\dot net\App de gestion de budget version 3\App de gestion de buget version2\bin\Debug\net8.0\App de gestion de buget version2.exe' because it is being used by another process. [C:\Users\Mr Tarouzi\OneDrive\Bureau\4G12 2025 2026 cours\dot net\App de gestion de budget version 3\App de gestion de buget version2\App de gestion de buget version2.csproj]

├ëCHEC de la build.
    10 Avertissement(s)
    2 Erreur(s)

Temps ├®coul├® 00:00:25.87
